I 00:06:32.3847268 Deck Contents Received:
I 00:06:32.3847268 ### bingo bis
I 00:06:32.3847268 # Deck ID: 2174489721
I 00:06:32.3847268 AAEBAYO6AgbtAuvwAqH5A/uKBNi2BNu5BAyq6wP+7gOh9AO9gAT3nwS6pAT7pQTspwT5rASZtgTVtgT58QQAAA==
I 00:06:32.3847268 ### sanglier V2
I 00:06:32.3847268 # Deck ID: 2189924496
I 00:06:32.3847268 AAEBAZ/HAgTU7QPoiwSJsgT52wQN8gyZ6wOH9wPT+QOMgQTLoASEowSKowSitgSktgSh1AT28QSZ/AcAAA==
I 00:06:32.3847268 ### troublemaker
I 00:06:32.3847268 # Deck ID: 2756215660
I 00:06:32.3847268 AAECAcH1BgiXoATNngaGqAeHqAeIqAe0wQeI2QeI3QcL958E0J4G2aIG94EHwZcHmrMH+cMH1cUHjdoHv/cH5fcHAAA=
I 00:06:32.3847268 ### dh
I 00:06:32.3847268 # Deck ID: 2756215846
I 00:06:32.3847268 AAECAZ++BgbDgweKqgeSqgeTqgeD2geO2gcM4fgF054G3v8G/oMHtJcHtpcHlb8HxN0Hxt0Hx90HteEHt+EHAAA=
I 00:06:32.3847268 ### voleur quete
I 00:06:32.3847268 # Deck ID: 2756216010
I 00:06:32.3847268 AAECAcH1BgTEgQfmkwehmweI2QcN958E0J4Gu5cHwZcHw5cHxJcHxpcH1J0Hjb4H1cUHg9UHv/cH5fcHAAA=
I 00:06:32.3847268 ### moragg
I 00:06:32.3847268 # Deck ID: 2756689648
I 00:06:32.3847268 AAECAZ2rBAj1mAfQvwepyQeb1Aet2Qew2Qew2Qe69gcLj58E56AEqYgHhJkHga4Hk74H2L4H4L4H3dcHt9kHjdwHAAA=
I 00:06:32.3847268 ### Deck Prêtre
I 00:06:32.3847268 # Deck ID: 2756764138
I 00:06:32.3847268 AAECAZ/HAgSolgeDvwfn2AeS3AcI8J8EoPsGhYYHna0HssUHr8kHqtkHrNkHAAA=
I 00:06:32.3847268 ### XL Rafaamlock
I 00:06:32.3847268 # Deck ID: 2756764953
I 00:06:32.3847268 AAECAZ2rBBLDgweEmQeIpQeJpQeKpQeRpQeTpQeUpQeVpQeWpQeXpQeapQeNvget2Qex2Qex2QeO3AeO3AcLj58EsZ8E56AE3psH3p0Hqq0H0LIHk74H4L4Ht9kHjdwHAAA=
I 00:06:32.3847268 ### Thief Priest
I 00:06:32.3847268 # Deck ID: 2756768047
I 00:06:32.3847268 AAECAZ/HAgKolgfn2AcJ8J8EzZ4GoPsGhYYHna0HssUHqtkHrNkHsN8HAAA=
I 00:07:54.9442746 Finding Game With Deck:
I 00:07:54.9442746 ### Thief Priest
I 00:07:54.9442746 # Deck ID: 2756768047
I 00:07:54.9442746 AAECAZ/HAgKolgfn2AcJ8J8EzZ4GoPsGhYYHna0HssUHqtkHrNkHsN8HAAA=
I 00:31:33.1506117 Finding Game With Deck:
I 00:31:33.1506117 ### Thief Priest
I 00:31:33.1506117 # Deck ID: 2756768047
I 00:31:33.1506117 AAECAZ/HAgKolgfn2AcJ8J8EzZ4GoPsGhYYHna0HssUHqtkHrNkHsN8HAAA=
I 00:41:56.9998633 Finding Game With Deck:
I 00:41:56.9998633 ### Thief Priest
I 00:41:56.9998633 # Deck ID: 2756768047
I 00:41:56.9998633 AAECAZ/HAgKolgfn2AcJ8J8EzZ4GoPsGhYYHna0HssUHqtkHrNkHsN8HAAA=
I 00:41:59.6235644 Finding Game With Deck:
I 00:41:59.6235644 ### Thief Priest
I 00:41:59.6235644 # Deck ID: 2756768047
I 00:41:59.6235644 AAECAZ/HAgKolgfn2AcJ8J8EzZ4GoPsGhYYHna0HssUHqtkHrNkHsN8HAAA=
