I 01:26:09.9237251 Deck Contents Received:
I 01:26:09.9237251 ### bingo bis
I 01:26:09.9237251 # Deck ID: 2174489721
I 01:26:09.9237251 AAEBAYO6AgbtAuvwAqH5A/uKBNi2BNu5BAyq6wP+7gOh9AO9gAT3nwS6pAT7pQTspwT5rASZtgTVtgT58QQAAA==
I 01:26:09.9237251 ### sanglier V2
I 01:26:09.9237251 # Deck ID: 2189924496
I 01:26:09.9237251 AAEBAZ/HAgTU7QPoiwSJsgT52wQN8gyZ6wOH9wPT+QOMgQTLoASEowSKowSitgSktgSh1AT28QSZ/AcAAA==
I 01:26:09.9237251 ### troublemaker
I 01:26:09.9237251 # Deck ID: 2756215660
I 01:26:09.9237251 AAECAcH1BgiXoATNngaGqAeHqAeIqAe0wQeI2QeI3QcL958E0J4G2aIG94EHwZcHmrMH+cMH1cUHjdoHv/cH5fcHAAA=
I 01:26:09.9237251 ### dh
I 01:26:09.9237251 # Deck ID: 2756215846
I 01:26:09.9237251 AAECAZ++BgbDgweKqgeSqgeTqgeD2geO2gcM4fgF054G3v8G/oMHtJcHtpcHlb8HxN0Hxt0Hx90HteEHt+EHAAA=
I 01:26:09.9237251 ### voleur quete
I 01:26:09.9237251 # Deck ID: 2756216010
I 01:26:09.9237251 AAECAcH1BgTEgQfmkwehmweI2QcN958E0J4Gu5cHwZcHw5cHxJcHxpcH1J0Hjb4H1cUHg9UHv/cH5fcHAAA=
I 01:26:09.9237251 ### moragg
I 01:26:09.9237251 # Deck ID: 2756689648
I 01:26:09.9237251 AAECAZ2rBAj1mAfQvwepyQeb1Aet2Qew2Qew2Qe69gcLj58E56AEqYgHhJkHga4Hk74H2L4H4L4H3dcHt9kHjdwHAAA=
I 01:26:09.9237251 ### Deck Prêtre
I 01:26:09.9237251 # Deck ID: 2756764138
I 01:26:09.9237251 AAECAZ/HAgSolgeDvwfn2AeS3AcI8J8EoPsGhYYHna0HssUHr8kHqtkHrNkHAAA=
I 01:26:09.9237251 ### XL Rafaamlock
I 01:26:09.9237251 # Deck ID: 2756764953
I 01:26:09.9237251 AAECAZ2rBBLDgweEmQeIpQeJpQeKpQeRpQeTpQeUpQeVpQeWpQeXpQeapQeNvget2Qex2Qex2QeO3AeO3AcLj58EsZ8E56AE3psH3p0Hqq0H0LIHk74H4L4Ht9kHjdwHAAA=
I 01:26:09.9237251 ### Thief Priest
I 01:26:09.9237251 # Deck ID: 2756768047
I 01:26:09.9237251 AAECAZ/HAgKolgfn2AcJ8J8EzZ4GoPsGhYYHna0HssUHqtkHrNkHsN8HAAA=
I 01:26:24.6120829 Finding Game With Deck:
I 01:26:24.6120829 ### Thief Priest
I 01:26:24.6120829 # Deck ID: 2756768047
I 01:26:24.6120829 AAECAZ/HAgKolgfn2AcJ8J8EzZ4GoPsGhYYHna0HssUHqtkHrNkHsN8HAAA=
I 01:26:27.7560724 Finding Game With Deck:
I 01:26:27.7560724 ### Thief Priest
I 01:26:27.7560724 # Deck ID: 2756768047
I 01:26:27.7560724 AAECAZ/HAgKolgfn2AcJ8J8EzZ4GoPsGhYYHna0HssUHqtkHrNkHsN8HAAA=
