I 19:09:39.0982552 Deck Contents Received:
I 19:09:39.0982552 ### bingo bis
I 19:09:39.0982552 # Deck ID: 2174489721
I 19:09:39.0982552 AAEBAYO6AgbtAuvwAqH5A/uKBNi2BNu5BAyq6wP+7gOh9AO9gAT3nwS6pAT7pQTspwT5rASZtgTVtgT58QQAAA==
I 19:09:39.0982552 ### sanglier V2
I 19:09:39.0982552 # Deck ID: 2189924496
I 19:09:39.0982552 AAEBAZ/HAgTU7QPoiwSJsgT52wQN8gyZ6wOH9wPT+QOMgQTLoASEowSKowSitgSktgSh1AT28QSZ/AcAAA==
I 19:09:39.0982552 ### troublemaker
I 19:09:39.0982552 # Deck ID: 2756215660
I 19:09:39.0982552 AAECAcH1BgiXoATNngaGqAeHqAeIqAe0wQeI2QeI3QcL958E0J4G2aIG94EHwZcHmrMH+cMH1cUHjdoHv/cH5fcHAAA=
I 19:09:39.0982552 ### dh
I 19:09:39.0982552 # Deck ID: 2756215846
I 19:09:39.0982552 AAECAZ++BgbDgweKqgeSqgeTqgeD2geO2gcM4fgF054G3v8G/oMHtJcHtpcHlb8HxN0Hxt0Hx90HteEHt+EHAAA=
I 19:09:39.0982552 ### voleur quete
I 19:09:39.0982552 # Deck ID: 2756216010
I 19:09:39.0982552 AAECAcH1BgTEgQfmkwehmweI2QcN958E0J4Gu5cHwZcHw5cHxJcHxpcH1J0Hjb4H1cUHg9UHv/cH5fcHAAA=
I 19:09:39.0982552 ### moragg
I 19:09:39.0982552 # Deck ID: 2756689648
I 19:09:39.0982552 AAECAZ2rBAj1mAfQvwepyQeb1Aet2Qew2Qew2Qe69gcLj58E56AEqYgHhJkHga4Hk74H2L4H4L4H3dcHt9kHjdwHAAA=
I 19:09:39.0982552 ### Deck Prêtre
I 19:09:39.0982552 # Deck ID: 2756764138
I 19:09:39.0982552 AAECAZ/HAgSolgeDvwfn2AeS3AcI8J8EoPsGhYYHna0HssUHr8kHqtkHrNkHAAA=
I 19:09:39.0982552 ### XL Rafaamlock
I 19:09:39.0982552 # Deck ID: 2756764953
I 19:09:39.0982552 AAECAZ2rBBLDgweEmQeIpQeJpQeKpQeRpQeTpQeUpQeVpQeWpQeXpQeapQeNvget2Qex2Qex2QeO3AeO3AcLj58EsZ8E56AE3psH3p0Hqq0H0LIHk74H4L4Ht9kHjdwHAAA=
I 19:09:39.0982552 ### Thief Priest
I 19:09:39.0982552 # Deck ID: 2756768047
I 19:09:39.0982552 AAECAZ/HAgKolgfn2AcJ8J8EzZ4GoPsGhYYHna0HssUHqtkHrNkHsN8HAAA=
I 19:09:51.8971304 Finding Game With Deck:
I 19:09:51.8971304 ### Thief Priest
I 19:09:51.8971304 # Deck ID: 2756768047
I 19:09:51.8971304 AAECAZ/HAgKolgfn2AcJ8J8EzZ4GoPsGhYYHna0HssUHqtkHrNkHsN8HAAA=
