I 11:27:09.4859619 Deck Contents Received:
I 11:27:09.4859619 ### bingo bis
I 11:27:09.4859619 # Deck ID: 2174489721
I 11:27:09.4859619 AAEBAYO6AgbtAuvwAqH5A/uKBNi2BNu5BAyq6wP+7gOh9AO9gAT3nwS6pAT7pQTspwT5rASZtgTVtgT58QQAAA==
I 11:27:09.4859619 ### sanglier V2
I 11:27:09.4859619 # Deck ID: 2189924496
I 11:27:09.4859619 AAEBAZ/HAgTU7QPoiwSJsgT52wQN8gyZ6wOH9wPT+QOMgQTLoASEowSKowSitgSktgSh1AT28QSZ/AcAAA==
I 11:27:09.4859619 ### troublemaker
I 11:27:09.4859619 # Deck ID: 2756215660
I 11:27:09.4859619 AAECAcH1BgiXoATNngaGqAeHqAeIqAe0wQeI2QeI3QcL958E0J4G2aIG94EHwZcHmrMH+cMH1cUHjdoHv/cH5fcHAAA=
I 11:27:09.4859619 ### dh
I 11:27:09.4859619 # Deck ID: 2756215846
I 11:27:09.4859619 AAECAZ++BgbDgweKqgeSqgeTqgeD2geO2gcM4fgF054G3v8G/oMHtJcHtpcHlb8HxN0Hxt0Hx90HteEHt+EHAAA=
I 11:27:09.4859619 ### voleur quete
I 11:27:09.4859619 # Deck ID: 2756216010
I 11:27:09.4859619 AAECAcH1BgTEgQfmkwehmweI2QcN958E0J4Gu5cHwZcHw5cHxJcHxpcH1J0Hjb4H1cUHg9UHv/cH5fcHAAA=
I 11:27:09.4859619 ### moragg
I 11:27:09.4859619 # Deck ID: 2756689648
I 11:27:09.4859619 AAECAZ2rBAj1mAfQvwepyQeb1Aet2Qew2Qew2Qe69gcLj58E56AEqYgHhJkHga4Hk74H2L4H4L4H3dcHt9kHjdwHAAA=
I 11:27:09.4859619 ### Deck Prêtre
I 11:27:09.4859619 # Deck ID: 2756764138
I 11:27:09.4859619 AAECAZ/HAgSolgeDvwfn2AeS3AcI8J8EoPsGhYYHna0HssUHr8kHqtkHrNkHAAA=
I 11:27:09.4859619 ### XL Rafaamlock
I 11:27:09.4859619 # Deck ID: 2756764953
I 11:27:09.4859619 AAECAZ2rBBLDgweEmQeIpQeJpQeKpQeRpQeTpQeUpQeVpQeWpQeXpQeapQeNvget2Qex2Qex2QeO3AeO3AcLj58EsZ8E56AE3psH3p0Hqq0H0LIHk74H4L4Ht9kHjdwHAAA=
I 11:27:09.4859619 ### Thief Priest
I 11:27:09.4859619 # Deck ID: 2756768047
I 11:27:09.4859619 AAECAZ/HAgKolgfn2AcJ8J8EzZ4GoPsGhYYHna0HssUHqtkHrNkHsN8HAAA=
I 11:27:28.1177037 Finding Game With Deck:
I 11:27:28.1177037 ### Thief Priest
I 11:27:28.1177037 # Deck ID: 2756768047
I 11:27:28.1177037 AAECAZ/HAgKolgfn2AcJ8J8EzZ4GoPsGhYYHna0HssUHqtkHrNkHsN8HAAA=
I 12:06:48.1185184 Finding Game With Deck:
I 12:06:48.1185184 ### Thief Priest
I 12:06:48.1185184 # Deck ID: 2756768047
I 12:06:48.1185184 AAECAZ/HAgKolgfn2AcJ8J8EzZ4GoPsGhYYHna0HssUHqtkHrNkHsN8HAAA=
I 12:17:27.5715089 Finding Game With Deck:
I 12:17:27.5715089 ### Thief Priest
I 12:17:27.5715089 # Deck ID: 2756768047
I 12:17:27.5715089 AAECAZ/HAgKolgfn2AcJ8J8EzZ4GoPsGhYYHna0HssUHqtkHrNkHsN8HAAA=
